
> linkbio@0.1.0 test:e2e
> playwright test --reporter=list,html

[WebServer] (node:21316) Warning: The 'NO_COLOR' env is ignored due to the 'FORCE_COLOR' env being set.
[WebServer] (Use `node --trace-warnings ...` to show where the warning was created)
[WebServer] (node:8284) Warning: The 'NO_COLOR' env is ignored due to the 'FORCE_COLOR' env being set.
[WebServer] (Use `node --trace-warnings ...` to show where the warning was created)
[WebServer] (node:22488) Warning: The 'NO_COLOR' env is ignored due to the 'FORCE_COLOR' env being set.
[WebServer] (Use `node --trace-warnings ...` to show where the warning was created)

Running 46 tests using 1 worker

(node:9936) Warning: The 'NO_COLOR' env is ignored due to the 'FORCE_COLOR' env being set.
(Use `node --trace-warnings ...` to show where the warning was created)
[WebServer] (node:20420) Warning: The 'NO_COLOR' env is ignored due to the 'FORCE_COLOR' env being set.
[WebServer] (Use `node --trace-warnings ...` to show where the warning was created)
[WebServer] (node:22624) Warning: The 'NO_COLOR' env is ignored due to the 'FORCE_COLOR' env being set.
[WebServer] (Use `node --trace-warnings ...` to show where the warning was created)
[WebServer] (node:22852) Warning: The 'NO_COLOR' env is ignored due to the 'FORCE_COLOR' env being set.
[WebServer] (Use `node --trace-warnings ...` to show where the warning was created)
[WebServer] (node:18564) Warning: The 'NO_COLOR' env is ignored due to the 'FORCE_COLOR' env being set.
[WebServer] (Use `node --trace-warnings ...` to show where the warning was created)
  ok  1 [mobile-chrome] › tests\e2e\activations.spec.ts:3:1 › Casa de Sucos: benefício segue até o handoff humano com claim atribuído (10.1s)
[WebServer] (node:23184) Warning: The 'NO_COLOR' env is ignored due to the 'FORCE_COLOR' env being set.
[WebServer] (Use `node --trace-warnings ...` to show where the warning was created)
[WebServer] {"timestamp":"2026-09-02T21:01:53.362Z","level":"error","event":"authenticated_route_failed","requestId":"b7f7e705-2ced-4e16-9528-9eb5c529d6bf","route":"/api/product-state/surface","release":"dev","workspaceId":"local-workspace","userId":"local-user"}
[WebServer] {"timestamp":"2026-09-02T21:01:53.369Z","level":"error","event":"authenticated_route_failed","requestId":"ae44af37-7692-4388-b065-82168324e56c","route":"/api/product-state/surface","release":"dev","workspaceId":"local-workspace","userId":"local-user"}
[WebServer] (node:22676) Warning: The 'NO_COLOR' env is ignored due to the 'FORCE_COLOR' env being set.
[WebServer] (Use `node --trace-warnings ...` to show where the warning was created)
[WebServer] (node:6296) Warning: The 'NO_COLOR' env is ignored due to the 'FORCE_COLOR' env being set.
[WebServer] (Use `node --trace-warnings ...` to show where the warning was created)
[WebServer] (node:22648) Warning: The 'NO_COLOR' env is ignored due to the 'FORCE_COLOR' env being set.
[WebServer] (Use `node --trace-warnings ...` to show where the warning was created)
[WebServer] (node:23300) Warning: The 'NO_COLOR' env is ignored due to the 'FORCE_COLOR' env being set.
[WebServer] (Use `node --trace-warnings ...` to show where the warning was created)
  ok  2 [mobile-chrome] › tests\e2e\adaptive-site-composer.spec.ts:3:1 › editor adaptativo mantém a proposta da Sobe IA sob confirmação (4.7s)
[WebServer] (node:23336) Warning: The 'NO_COLOR' env is ignored due to the 'FORCE_COLOR' env being set.
[WebServer] (Use `node --trace-warnings ...` to show where the warning was created)
  ok  3 [mobile-chrome] › tests\e2e\adaptive-site-composer.spec.ts:48:1 › catálogo público aplica busca, limite e escopo do projeto (962ms)
[WebServer] (node:3168) Warning: The 'NO_COLOR' env is ignored due to the 'FORCE_COLOR' env being set.
[WebServer] (Use `node --trace-warnings ...` to show where the warning was created)
[WebServer] (node:4688) Warning: The 'NO_COLOR' env is ignored due to the 'FORCE_COLOR' env being set.
[WebServer] (Use `node --trace-warnings ...` to show where the warning was created)
  ok  4 [mobile-chrome] › tests\e2e\adaptive-site-composer.spec.ts:57:1 › performance retorna evidência sem quebrar no modo local (1.3s)
[WebServer] (node:22928) Warning: The 'NO_COLOR' env is ignored due to the 'FORCE_COLOR' env being set.
[WebServer] (Use `node --trace-warnings ...` to show where the warning was created)
[WebServer] (node:23204) Warning: The 'NO_COLOR' env is ignored due to the 'FORCE_COLOR' env being set.
[WebServer] (Use `node --trace-warnings ...` to show where the warning was created)
[WebServer] (node:9192) Warning: The 'NO_COLOR' env is ignored due to the 'FORCE_COLOR' env being set.
[WebServer] (Use `node --trace-warnings ...` to show where the warning was created)
[WebServer] (node:23084) Warning: The 'NO_COLOR' env is ignored due to the 'FORCE_COLOR' env being set.
[WebServer] (Use `node --trace-warnings ...` to show where the warning was created)
[WebServer] (node:23868) Warning: The 'NO_COLOR' env is ignored due to the 'FORCE_COLOR' env being set.
[WebServer] (Use `node --trace-warnings ...` to show where the warning was created)
[WebServer] (node:24352) Warning: The 'NO_COLOR' env is ignored due to the 'FORCE_COLOR' env being set.
[WebServer] (Use `node --trace-warnings ...` to show where the warning was created)
[WebServer] {"timestamp":"2026-09-02T21:02:13.576Z","level":"error","event":"authenticated_route_failed","requestId":"ef020c21-5d51-4215-8e8a-dca2a80fc563","route":"/api/projects/fea788a5-d05d-4440-900c-ed4208ff8b77/optimization","release":"dev","workspaceId":"local-workspace","userId":"local-user"}
  ok  5 [mobile-chrome] › tests\e2e\onboarding.spec.ts:3:1 › onboarding adaptativo funciona sem login e gera um rascunho (16.1s)
[WebServer] (node:24040) Warning: The 'NO_COLOR' env is ignored due to the 'FORCE_COLOR' env being set.
[WebServer] (Use `node --trace-warnings ...` to show where the warning was created)
[WebServer] (node:24404) Warning: The 'NO_COLOR' env is ignored due to the 'FORCE_COLOR' env being set.
[WebServer] (Use `node --trace-warnings ...` to show where the warning was created)
[WebServer] (node:24072) Warning: The 'NO_COLOR' env is ignored due to the 'FORCE_COLOR' env being set.
[WebServer] (Use `node --trace-warnings ...` to show where the warning was created)
  ok  6 [mobile-chrome] › tests\e2e\onboarding.spec.ts:32:1 › sessão órfã entra em recuperação e nunca dispara analyze com id inválido (4.4s)
[WebServer] (node:24536) Warning: The 'NO_COLOR' env is ignored due to the 'FORCE_COLOR' env being set.
[WebServer] (Use `node --trace-warnings ...` to show where the warning was created)
[WebServer] (node:24076) Warning: The 'NO_COLOR' env is ignored due to the 'FORCE_COLOR' env being set.
[WebServer] (Use `node --trace-warnings ...` to show where the warning was created)
[WebServer] (node:23772) Warning: The 'NO_COLOR' env is ignored due to the 'FORCE_COLOR' env being set.
[WebServer] (Use `node --trace-warnings ...` to show where the warning was created)
  ok  7 [mobile-chrome] › tests\e2e\onboarding.spec.ts:66:1 › refresh retoma a sessão válida e confirma somente o WhatsApp persistido (3.0s)
[WebServer] (node:24412) Warning: The 'NO_COLOR' env is ignored due to the 'FORCE_COLOR' env being set.
[WebServer] (Use `node --trace-warnings ...` to show where the warning was created)
[WebServer] (node:22836) Warning: The 'NO_COLOR' env is ignored due to the 'FORCE_COLOR' env being set.
[WebServer] (Use `node --trace-warnings ...` to show where the warning was created)
  ok  8 [mobile-chrome] › tests\e2e\onboarding.spec.ts:104:1 › começar novamente cria outra sessão sem misturar o negócio anterior (2.7s)
  ok  9 [mobile-chrome] › tests\e2e\onboarding.spec.ts:125:1 › WhatsApp inválido permanece visível e mostra como corrigir (1.8s)
[WebServer] (node:23072) Warning: The 'NO_COLOR' env is ignored due to the 'FORCE_COLOR' env being set.
[WebServer] (Use `node --trace-warnings ...` to show where the warning was created)
  ok 10 [mobile-chrome] › tests\e2e\onboarding.spec.ts:143:1 › mostra múltiplos caminhos inferidos e permite ajustar a interpretação (1.7s)
[WebServer] (node:22552) Warning: The 'NO_COLOR' env is ignored due to the 'FORCE_COLOR' env being set.
[WebServer] (Use `node --trace-warnings ...` to show where the warning was created)
[WebServer] (node:24136) Warning: The 'NO_COLOR' env is ignored due to the 'FORCE_COLOR' env being set.
[WebServer] (Use `node --trace-warnings ...` to show where the warning was created)
[WebServer] (node:23620) Warning: The 'NO_COLOR' env is ignored due to the 'FORCE_COLOR' env being set.
[WebServer] (Use `node --trace-warnings ...` to show where the warning was created)
[WebServer] (node:23208) Warning: The 'NO_COLOR' env is ignored due to the 'FORCE_COLOR' env being set.
[WebServer] (Use `node --trace-warnings ...` to show where the warning was created)
  ok 11 [mobile-chrome] › tests\e2e\presence.spec.ts:3:1 › Minha página abre no modo simples e permite editar pela prévia (1.7s)
[WebServer] (node:9192) Warning: The 'NO_COLOR' env is ignored due to the 'FORCE_COLOR' env being set.
[WebServer] (Use `node --trace-warnings ...` to show where the warning was created)
[WebServer] (node:24248) Warning: The 'NO_COLOR' env is ignored due to the 'FORCE_COLOR' env being set.
[WebServer] (Use `node --trace-warnings ...` to show where the warning was created)
  ok 12 [mobile-chrome] › tests\e2e\presence.spec.ts:52:1 › Presence entrega conteúdo server-first e abre a jornada sob demanda (1.1s)
[WebServer] ⨯ Error: aborted
[WebServer]     at ignore-listed frames {
[WebServer]   code: 'ECONNRESET'
[WebServer] }
[WebServer] (node:24212) Warning: The 'NO_COLOR' env is ignored due to the 'FORCE_COLOR' env being set.
[WebServer] (Use `node --trace-warnings ...` to show where the warning was created)
  ok 13 [mobile-chrome] › tests\e2e\presence.spec.ts:81:1 › Presence oferece navegação equivalente em desktop e mobile (1.1s)
  ok 14 [mobile-chrome] › tests\e2e\presence.spec.ts:115:1 › Presence publica SEO, canonical e dados estruturados no HTML (224ms)
[WebServer] (node:23148) Warning: The 'NO_COLOR' env is ignored due to the 'FORCE_COLOR' env being set.
[WebServer] (Use `node --trace-warnings ...` to show where the warning was created)
[WebServer] (node:252) Warning: The 'NO_COLOR' env is ignored due to the 'FORCE_COLOR' env being set.
[WebServer] (Use `node --trace-warnings ...` to show where the warning was created)
  ok 15 [mobile-chrome] › tests\e2e\presence.spec.ts:128:1 › CSS-ONLY: wrapping tipográfico isolado em demos, sem evidência de Activation (2.2s)
[WebServer] (node:22728) Warning: The 'NO_COLOR' env is ignored due to the 'FORCE_COLOR' env being set.
[WebServer] (Use `node --trace-warnings ...` to show where the warning was created)
[WebServer] (node:22040) Warning: The 'NO_COLOR' env is ignored due to the 'FORCE_COLOR' env being set.
[WebServer] (Use `node --trace-warnings ...` to show where the warning was created)
  ok 16 [mobile-chrome] › tests\e2e\public-experiences.spec.ts:3:1 › limpeza recebe orçamento com quantidade e contexto (3.1s)
[WebServer] (node:22756) Warning: The 'NO_COLOR' env is ignored due to the 'FORCE_COLOR' env being set.
[WebServer] (Use `node --trace-warnings ...` to show where the warning was created)
[WebServer] (node:22892) Warning: The 'NO_COLOR' env is ignored due to the 'FORCE_COLOR' env being set.
[WebServer] (Use `node --trace-warnings ...` to show where the warning was created)
  ok 17 [mobile-chrome] › tests\e2e\public-experiences.spec.ts:16:1 › Vértice qualifica B2B e recomenda próximo passo (2.6s)
[WebServer] (node:23988) Warning: The 'NO_COLOR' env is ignored due to the 'FORCE_COLOR' env being set.
[WebServer] (Use `node --trace-warnings ...` to show where the warning was created)
  ok 18 [mobile-chrome] › tests\e2e\public-experiences.spec.ts:28:1 › entrada direta resolve meta sem exibir o seletor geral (1.0s)
[WebServer] (node:252) Warning: The 'NO_COLOR' env is ignored due to the 'FORCE_COLOR' env being set.
[WebServer] (Use `node --trace-warnings ...` to show where the warning was created)
  ok 19 [mobile-chrome] › tests\e2e\public-experiences.spec.ts:36:1 › delivery monta carrinho e envia pedido (3.8s)
[WebServer] (node:21452) Warning: The 'NO_COLOR' env is ignored due to the 'FORCE_COLOR' env being set.
[WebServer] (Use `node --trace-warnings ...` to show where the warning was created)
[WebServer] (node:2700) Warning: The 'NO_COLOR' env is ignored due to the 'FORCE_COLOR' env being set.
[WebServer] (Use `node --trace-warnings ...` to show where the warning was created)
  ok 20 [mobile-chrome] › tests\e2e\public-experiences.spec.ts:47:1 › clínica consulta agenda e confirma horário (3.6s)
[WebServer] (node:22216) Warning: The 'NO_COLOR' env is ignored due to the 'FORCE_COLOR' env being set.
[WebServer] (Use `node --trace-warnings ...` to show where the warning was created)
[WebServer] (node:11124) Warning: The 'NO_COLOR' env is ignored due to the 'FORCE_COLOR' env being set.
[WebServer] (Use `node --trace-warnings ...` to show where the warning was created)
  ok 21 [mobile-chrome] › tests\e2e\public-experiences.spec.ts:65:1 › chalé consulta período e solicita reserva (2.4s)
[WebServer] (node:10960) Warning: The 'NO_COLOR' env is ignored due to the 'FORCE_COLOR' env being set.
[WebServer] (Use `node --trace-warnings ...` to show where the warning was created)
[WebServer] (node:22756) Warning: The 'NO_COLOR' env is ignored due to the 'FORCE_COLOR' env being set.
[WebServer] (Use `node --trace-warnings ...` to show where the warning was created)
  ok 22 [mobile-chrome] › tests\e2e\public-experiences.spec.ts:80:1 › multiunidade pede consentimento e resolve por CEP com fallback manual (1.2s)
[WebServer] (node:24060) Warning: The 'NO_COLOR' env is ignored due to the 'FORCE_COLOR' env being set.
[WebServer] (Use `node --trace-warnings ...` to show where the warning was created)
[WebServer] (node:20856) Warning: The 'NO_COLOR' env is ignored due to the 'FORCE_COLOR' env being set.
[WebServer] (Use `node --trace-warnings ...` to show where the warning was created)
[WebServer] (node:23168) Warning: The 'NO_COLOR' env is ignored due to the 'FORCE_COLOR' env being set.
[WebServer] (Use `node --trace-warnings ...` to show where the warning was created)
[WebServer] (node:3396) Warning: The 'NO_COLOR' env is ignored due to the 'FORCE_COLOR' env being set.
[WebServer] (Use `node --trace-warnings ...` to show where the warning was created)
[WebServer] (node:19056) Warning: The 'NO_COLOR' env is ignored due to the 'FORCE_COLOR' env being set.
[WebServer] (Use `node --trace-warnings ...` to show where the warning was created)
[WebServer] (node:10460) Warning: The 'NO_COLOR' env is ignored due to the 'FORCE_COLOR' env being set.
[WebServer] (Use `node --trace-warnings ...` to show where the warning was created)
ACTIVATION_SCREENSHOT_METADATA {"projectName":"SonoLeve Colchões","projectId":"fed286ed-6645-441a-8857-a7af9981e64b","route":"/app/projects/fed286ed-6645-441a-8857-a7af9981e64b/launch","generatedByPipeline":true,"viewport":"390x844","strategicInterventions":0,"domTextMutation":false,"screenshotPath":"C:\\Users\\lgust\\OneDrive\\Desktop\\Programas\\linkbio\\test-results\\self-service-activation-SE-aa9ab-onfirma-o-contrato-inferido-mobile-chrome\\sonoleve-generated-mobile-390.png"}
[WebServer] {"timestamp":"2026-09-02T21:02:55.651Z","level":"error","event":"authenticated_route_failed","requestId":"99eaeb8d-a282-4f78-a82b-cf124ccb3650","route":"/api/projects/fed286ed-6645-441a-8857-a7af9981e64b/optimization","release":"dev","workspaceId":"local-workspace","userId":"local-user"}
  ok 23 [mobile-chrome] › tests\e2e\self-service-activation.spec.ts:42:1 › SELF-SERVICE UI PLUMBING — SonoLeve apenas confirma o contrato inferido (3.6s)
[WebServer] (node:22560) Warning: The 'NO_COLOR' env is ignored due to the 'FORCE_COLOR' env being set.
[WebServer] (Use `node --trace-warnings ...` to show where the warning was created)
[WebServer] (node:21112) Warning: The 'NO_COLOR' env is ignored due to the 'FORCE_COLOR' env being set.
[WebServer] (Use `node --trace-warnings ...` to show where the warning was created)
(node:24412) Warning: The 'NO_COLOR' env is ignored due to the 'FORCE_COLOR' env being set.
(Use `node --trace-warnings ...` to show where the warning was created)
[WebServer] (node:21108) Warning: The 'NO_COLOR' env is ignored due to the 'FORCE_COLOR' env being set.
[WebServer] (Use `node --trace-warnings ...` to show where the warning was created)
[WebServer] (node:24428) Warning: The 'NO_COLOR' env is ignored due to the 'FORCE_COLOR' env being set.
[WebServer] (Use `node --trace-warnings ...` to show where the warning was created)
[WebServer] (node:24272) Warning: The 'NO_COLOR' env is ignored due to the 'FORCE_COLOR' env being set.
[WebServer] (Use `node --trace-warnings ...` to show where the warning was created)
[WebServer] (node:9536) Warning: The 'NO_COLOR' env is ignored due to the 'FORCE_COLOR' env being set.
[WebServer] (Use `node --trace-warnings ...` to show where the warning was created)
  ok 24 [desktop-chrome] › tests\e2e\activations.spec.ts:3:1 › Casa de Sucos: benefício segue até o handoff humano com claim atribuído (4.0s)
[WebServer] (node:17740) Warning: The 'NO_COLOR' env is ignored due to the 'FORCE_COLOR' env being set.
[WebServer] (Use `node --trace-warnings ...` to show where the warning was created)
[WebServer] {"timestamp":"2026-09-02T21:03:01.538Z","level":"error","event":"authenticated_route_failed","requestId":"2d5b91ec-be70-4dad-9afc-4acd9487392e","route":"/api/product-state/surface","release":"dev","workspaceId":"local-workspace","userId":"local-user"}
[WebServer] {"timestamp":"2026-09-02T21:03:01.542Z","level":"error","event":"authenticated_route_failed","requestId":"a56f666d-2ee2-45cd-80a0-548ad4f84430","route":"/api/product-state/surface","release":"dev","workspaceId":"local-workspace","userId":"local-user"}
[WebServer] (node:21936) Warning: The 'NO_COLOR' env is ignored due to the 'FORCE_COLOR' env being set.
[WebServer] (Use `node --trace-warnings ...` to show where the warning was created)
[WebServer] (node:22696) Warning: The 'NO_COLOR' env is ignored due to the 'FORCE_COLOR' env being set.
[WebServer] (Use `node --trace-warnings ...` to show where the warning was created)
[WebServer] (node:24352) Warning: The 'NO_COLOR' env is ignored due to the 'FORCE_COLOR' env being set.
[WebServer] (Use `node --trace-warnings ...` to show where the warning was created)
  ok 25 [desktop-chrome] › tests\e2e\adaptive-site-composer.spec.ts:3:1 › editor adaptativo mantém a proposta da Sobe IA sob confirmação (2.5s)
[WebServer] (node:24152) Warning: The 'NO_COLOR' env is ignored due to the 'FORCE_COLOR' env being set.
[WebServer] (Use `node --trace-warnings ...` to show where the warning was created)
  ok 26 [desktop-chrome] › tests\e2e\adaptive-site-composer.spec.ts:48:1 › catálogo público aplica busca, limite e escopo do projeto (40ms)
  ok 27 [desktop-chrome] › tests\e2e\adaptive-site-composer.spec.ts:57:1 › performance retorna evidência sem quebrar no modo local (86ms)
[WebServer] (node:24348) Warning: The 'NO_COLOR' env is ignored due to the 'FORCE_COLOR' env being set.
[WebServer] (Use `node --trace-warnings ...` to show where the warning was created)
[WebServer] (node:11252) Warning: The 'NO_COLOR' env is ignored due to the 'FORCE_COLOR' env being set.
[WebServer] (Use `node --trace-warnings ...` to show where the warning was created)
[WebServer] (node:17692) Warning: The 'NO_COLOR' env is ignored due to the 'FORCE_COLOR' env being set.
[WebServer] (Use `node --trace-warnings ...` to show where the warning was created)
[WebServer] (node:6096) Warning: The 'NO_COLOR' env is ignored due to the 'FORCE_COLOR' env being set.
[WebServer] (Use `node --trace-warnings ...` to show where the warning was created)
[WebServer] (node:16564) Warning: The 'NO_COLOR' env is ignored due to the 'FORCE_COLOR' env being set.
[WebServer] (Use `node --trace-warnings ...` to show where the warning was created)
[WebServer] (node:17580) Warning: The 'NO_COLOR' env is ignored due to the 'FORCE_COLOR' env being set.
[WebServer] (Use `node --trace-warnings ...` to show where the warning was created)
[WebServer] (node:22772) Warning: The 'NO_COLOR' env is ignored due to the 'FORCE_COLOR' env being set.
[WebServer] (Use `node --trace-warnings ...` to show where the warning was created)
[WebServer] (node:23064) Warning: The 'NO_COLOR' env is ignored due to the 'FORCE_COLOR' env being set.
[WebServer] (Use `node --trace-warnings ...` to show where the warning was created)
[WebServer] (node:22612) Warning: The 'NO_COLOR' env is ignored due to the 'FORCE_COLOR' env being set.
[WebServer] (Use `node --trace-warnings ...` to show where the warning was created)
[WebServer] {"timestamp":"2026-09-02T21:03:06.930Z","level":"error","event":"authenticated_route_failed","requestId":"30a69672-94c5-4f2a-8201-987ea4337c70","route":"/api/projects/7c3d2be5-f91c-4ca0-8995-442523e572ff/optimization","release":"dev","workspaceId":"local-workspace","userId":"local-user"}
  ok 28 [desktop-chrome] › tests\e2e\onboarding.spec.ts:3:1 › onboarding adaptativo funciona sem login e gera um rascunho (3.7s)
[WebServer] (node:24372) Warning: The 'NO_COLOR' env is ignored due to the 'FORCE_COLOR' env being set.
[WebServer] (Use `node --trace-warnings ...` to show where the warning was created)
[WebServer] (node:14524) Warning: The 'NO_COLOR' env is ignored due to the 'FORCE_COLOR' env being set.
[WebServer] (Use `node --trace-warnings ...` to show where the warning was created)
[WebServer] (node:24324) Warning: The 'NO_COLOR' env is ignored due to the 'FORCE_COLOR' env being set.
[WebServer] (Use `node --trace-warnings ...` to show where the warning was created)
  ok 29 [desktop-chrome] › tests\e2e\onboarding.spec.ts:32:1 › sessão órfã entra em recuperação e nunca dispara analyze com id inválido (3.1s)
[WebServer] (node:9416) Warning: The 'NO_COLOR' env is ignored due to the 'FORCE_COLOR' env being set.
[WebServer] (Use `node --trace-warnings ...` to show where the warning was created)
[WebServer] (node:22636) Warning: The 'NO_COLOR' env is ignored due to the 'FORCE_COLOR' env being set.
[WebServer] (Use `node --trace-warnings ...` to show where the warning was created)
[WebServer] (node:21936) Warning: The 'NO_COLOR' env is ignored due to the 'FORCE_COLOR' env being set.
[WebServer] (Use `node --trace-warnings ...` to show where the warning was created)
[WebServer] (node:2960) Warning: The 'NO_COLOR' env is ignored due to the 'FORCE_COLOR' env being set.
[WebServer] (Use `node --trace-warnings ...` to show where the warning was created)
  ok 30 [desktop-chrome] › tests\e2e\onboarding.spec.ts:66:1 › refresh retoma a sessão válida e confirma somente o WhatsApp persistido (3.9s)
[WebServer] (node:22820) Warning: The 'NO_COLOR' env is ignored due to the 'FORCE_COLOR' env being set.
[WebServer] (Use `node --trace-warnings ...` to show where the warning was created)
[WebServer] (node:17912) Warning: The 'NO_COLOR' env is ignored due to the 'FORCE_COLOR' env being set.
[WebServer] (Use `node --trace-warnings ...` to show where the warning was created)
  ok 31 [desktop-chrome] › tests\e2e\onboarding.spec.ts:104:1 › começar novamente cria outra sessão sem misturar o negócio anterior (2.5s)
  ok 32 [desktop-chrome] › tests\e2e\onboarding.spec.ts:125:1 › WhatsApp inválido permanece visível e mostra como corrigir (1.4s)
[WebServer] (node:24392) Warning: The 'NO_COLOR' env is ignored due to the 'FORCE_COLOR' env being set.
[WebServer] (Use `node --trace-warnings ...` to show where the warning was created)
  ok 33 [desktop-chrome] › tests\e2e\onboarding.spec.ts:143:1 › mostra múltiplos caminhos inferidos e permite ajustar a interpretação (1.5s)
[WebServer] (node:24036) Warning: The 'NO_COLOR' env is ignored due to the 'FORCE_COLOR' env being set.
[WebServer] (Use `node --trace-warnings ...` to show where the warning was created)
[WebServer] (node:7388) Warning: The 'NO_COLOR' env is ignored due to the 'FORCE_COLOR' env being set.
[WebServer] (Use `node --trace-warnings ...` to show where the warning was created)
[WebServer] (node:7544) Warning: The 'NO_COLOR' env is ignored due to the 'FORCE_COLOR' env being set.
[WebServer] (Use `node --trace-warnings ...` to show where the warning was created)
  ok 34 [desktop-chrome] › tests\e2e\presence.spec.ts:3:1 › Minha página abre no modo simples e permite editar pela prévia (1.2s)
[WebServer] (node:21680) Warning: The 'NO_COLOR' env is ignored due to the 'FORCE_COLOR' env being set.
[WebServer] (Use `node --trace-warnings ...` to show where the warning was created)
[WebServer] (node:24428) Warning: The 'NO_COLOR' env is ignored due to the 'FORCE_COLOR' env being set.
[WebServer] (Use `node --trace-warnings ...` to show where the warning was created)
[WebServer] (node:23640) Warning: The 'NO_COLOR' env is ignored due to the 'FORCE_COLOR' env being set.
[WebServer] (Use `node --trace-warnings ...` to show where the warning was created)
[WebServer] Error: aborted
[WebServer]     at ignore-listed frames {
[WebServer]   code: 'ECONNRESET'
[WebServer] }
  ok 35 [desktop-chrome] › tests\e2e\presence.spec.ts:52:1 › Presence entrega conteúdo server-first e abre a jornada sob demanda (949ms)
[WebServer] ⨯ uncaughtException: Error: aborted
[WebServer]     at ignore-listed frames {
[WebServer]   code: 'ECONNRESET'
[WebServer] }
[WebServer] ⨯ uncaughtException:  Error: aborted
[WebServer]     at ignore-listed frames {
[WebServer]   code: 'ECONNRESET'
[WebServer] }
[WebServer] (node:23072) Warning: The 'NO_COLOR' env is ignored due to the 'FORCE_COLOR' env being set.
[WebServer] (Use `node --trace-warnings ...` to show where the warning was created)
  ok 36 [desktop-chrome] › tests\e2e\presence.spec.ts:81:1 › Presence oferece navegação equivalente em desktop e mobile (665ms)
  ok 37 [desktop-chrome] › tests\e2e\presence.spec.ts:115:1 › Presence publica SEO, canonical e dados estruturados no HTML (119ms)
  -  38 [desktop-chrome] › tests\e2e\presence.spec.ts:128:1 › CSS-ONLY: wrapping tipográfico isolado em demos, sem evidência de Activation
[WebServer] (node:19276) Warning: The 'NO_COLOR' env is ignored due to the 'FORCE_COLOR' env being set.
[WebServer] (Use `node --trace-warnings ...` to show where the warning was created)
[WebServer] (node:24144) Warning: The 'NO_COLOR' env is ignored due to the 'FORCE_COLOR' env being set.
[WebServer] (Use `node --trace-warnings ...` to show where the warning was created)
  ok 39 [desktop-chrome] › tests\e2e\public-experiences.spec.ts:3:1 › limpeza recebe orçamento com quantidade e contexto (2.4s)
[WebServer] Error: aborted
[WebServer]     at ignore-listed frames {
[WebServer]   code: 'ECONNRESET'
[WebServer] }
[WebServer] ⨯ uncaughtException: Error: aborted
[WebServer]     at ignore-listed frames {
[WebServer]   code: 'ECONNRESET'
[WebServer] }
[WebServer] ⨯ uncaughtException:  Error: aborted
[WebServer]     at ignore-listed frames {
[WebServer]   code: 'ECONNRESET'
[WebServer] }
[WebServer] (node:8796) Warning: The 'NO_COLOR' env is ignored due to the 'FORCE_COLOR' env being set.
[WebServer] (Use `node --trace-warnings ...` to show where the warning was created)
[WebServer] (node:24256) Warning: The 'NO_COLOR' env is ignored due to the 'FORCE_COLOR' env being set.
[WebServer] (Use `node --trace-warnings ...` to show where the warning was created)
  ok 40 [desktop-chrome] › tests\e2e\public-experiences.spec.ts:16:1 › Vértice qualifica B2B e recomenda próximo passo (2.3s)
[WebServer] (node:416) Warning: The 'NO_COLOR' env is ignored due to the 'FORCE_COLOR' env being set.
[WebServer] (Use `node --trace-warnings ...` to show where the warning was created)
  ok 41 [desktop-chrome] › tests\e2e\public-experiences.spec.ts:28:1 › entrada direta resolve meta sem exibir o seletor geral (717ms)
[WebServer] (node:9128) Warning: The 'NO_COLOR' env is ignored due to the 'FORCE_COLOR' env being set.
[WebServer] (Use `node --trace-warnings ...` to show where the warning was created)
  ok 42 [desktop-chrome] › tests\e2e\public-experiences.spec.ts:36:1 › delivery monta carrinho e envia pedido (3.6s)
[WebServer] (node:4960) Warning: The 'NO_COLOR' env is ignored due to the 'FORCE_COLOR' env being set.
[WebServer] (Use `node --trace-warnings ...` to show where the warning was created)
[WebServer] (node:23304) Warning: The 'NO_COLOR' env is ignored due to the 'FORCE_COLOR' env being set.
[WebServer] (Use `node --trace-warnings ...` to show where the warning was created)
  ok 43 [desktop-chrome] › tests\e2e\public-experiences.spec.ts:47:1 › clínica consulta agenda e confirma horário (4.0s)
[WebServer] (node:18868) Warning: The 'NO_COLOR' env is ignored due to the 'FORCE_COLOR' env being set.
[WebServer] (Use `node --trace-warnings ...` to show where the warning was created)
[WebServer] (node:17792) Warning: The 'NO_COLOR' env is ignored due to the 'FORCE_COLOR' env being set.
[WebServer] (Use `node --trace-warnings ...` to show where the warning was created)
  ok 44 [desktop-chrome] › tests\e2e\public-experiences.spec.ts:65:1 › chalé consulta período e solicita reserva (4.3s)
[WebServer] (node:10140) Warning: The 'NO_COLOR' env is ignored due to the 'FORCE_COLOR' env being set.
[WebServer] (Use `node --trace-warnings ...` to show where the warning was created)
[WebServer] (node:18952) Warning: The 'NO_COLOR' env is ignored due to the 'FORCE_COLOR' env being set.
[WebServer] (Use `node --trace-warnings ...` to show where the warning was created)
  ok 45 [desktop-chrome] › tests\e2e\public-experiences.spec.ts:80:1 › multiunidade pede consentimento e resolve por CEP com fallback manual (1.1s)
[WebServer] (node:23972) Warning: The 'NO_COLOR' env is ignored due to the 'FORCE_COLOR' env being set.
[WebServer] (Use `node --trace-warnings ...` to show where the warning was created)
[WebServer] (node:23928) Warning: The 'NO_COLOR' env is ignored due to the 'FORCE_COLOR' env being set.
[WebServer] (Use `node --trace-warnings ...` to show where the warning was created)
[WebServer] (node:24540) Warning: The 'NO_COLOR' env is ignored due to the 'FORCE_COLOR' env being set.
[WebServer] (Use `node --trace-warnings ...` to show where the warning was created)
[WebServer] (node:22660) Warning: The 'NO_COLOR' env is ignored due to the 'FORCE_COLOR' env being set.
[WebServer] (Use `node --trace-warnings ...` to show where the warning was created)
ACTIVATION_SCREENSHOT_METADATA {"projectName":"SonoLeve Colchões","projectId":"285e051a-f5c3-40d8-9702-d49573aa8be5","route":"/app/projects/285e051a-f5c3-40d8-9702-d49573aa8be5/launch","generatedByPipeline":true,"viewport":"390x844","strategicInterventions":0,"domTextMutation":false,"screenshotPath":"C:\\Users\\lgust\\OneDrive\\Desktop\\Programas\\linkbio\\test-results\\self-service-activation-SE-aa9ab-onfirma-o-contrato-inferido-desktop-chrome\\sonoleve-generated-mobile-390.png"}
[WebServer] (node:24488) Warning: The 'NO_COLOR' env is ignored due to the 'FORCE_COLOR' env being set.
[WebServer] (Use `node --trace-warnings ...` to show where the warning was created)
[WebServer] (node:980) Warning: The 'NO_COLOR' env is ignored due to the 'FORCE_COLOR' env being set.
[WebServer] (Use `node --trace-warnings ...` to show where the warning was created)
[WebServer] {"timestamp":"2026-09-02T21:03:44.729Z","level":"error","event":"authenticated_route_failed","requestId":"4778d794-de89-4693-840c-f6933b3713ab","route":"/api/projects/285e051a-f5c3-40d8-9702-d49573aa8be5/optimization","release":"dev","workspaceId":"local-workspace","userId":"local-user"}
  ok 46 [desktop-chrome] › tests\e2e\self-service-activation.spec.ts:42:1 › SELF-SERVICE UI PLUMBING — SonoLeve apenas confirma o contrato inferido (3.8s)
[WebServer] (node:21336) Warning: The 'NO_COLOR' env is ignored due to the 'FORCE_COLOR' env being set.
[WebServer] (Use `node --trace-warnings ...` to show where the warning was created)

  1 skipped
  45 passed (2.4m)
